---
source: src/tests/window_opening.rs
description: "config:\nwindow-rule {\n    default-column-width { proportion 0.25; }\n    border { on; }\n}"
expression: snapshot
---
initial configure:
size: 0 × 0, bounds: 800 × 600, states: []

post-map configures:
size: 1256 × 696, bounds: 1256 × 696, states: [Activated]
