---
source: src/tests/window_opening.rs
description: "want fullscreen: AU\nconfig:\nwindow-rule {\n    open-fullscreen false\n    default-window-height {  }\n    border { on; }\n}"
expression: snapshot
---
initial configure:
size: 0 × 0, bounds: 800 × 600, states: []

post-map configures:
size: 0 × 0, bounds: 800 × 600, states: []
size: 1256 × 696, bounds: 1256 × 696, states: [Activated]
