---
source: src/tests/window_opening.rs
description: "want fullscreen: AU\nconfig:\nwindow-rule {\n    default-column-width { fixed 1000; }\n    default-window-height { fixed 500; }\n}"
expression: snapshot
---
initial configure:
size: 0 × 0, bounds: 800 × 600, states: []

post-map configures:
size: 0 × 0, bounds: 800 × 600, states: []
size: 1264 × 704, bounds: 1264 × 704, states: [Activated]
