---
source: src/tests/window_opening.rs
description: "want fullscreen: AU\nconfig:\nwindow-rule {\n    open-fullscreen true\n    default-column-width {  }\n    default-window-height { proportion 0.5; }\n}"
expression: snapshot
---
initial configure:
size: 1280 × 720, bounds: 800 × 600, states: [Fullscreen]

post-map configures:
size: 0 × 0, bounds: 800 × 600, states: []
size: 1264 × 704, bounds: 1264 × 704, states: [Activated]
